[2026-03-11T11:16:12.608+0000] {processor.py:161} INFO - Started process (PID=173) to work on /opt/airflow/dags/youtube_data_warehouse.py
[2026-03-11T11:16:12.611+0000] {processor.py:830} INFO - Processing file /opt/airflow/dags/youtube_data_warehouse.py for tasks to queue
[2026-03-11T11:16:12.620+0000] {logging_mixin.py:188} INFO - [2026-03-11T11:16:12.619+0000] {dagbag.py:538} INFO - Filling up the DagBag from /opt/airflow/dags/youtube_data_warehouse.py
[2026-03-11T11:16:16.614+0000] {processor.py:840} INFO - DAG(s) 'youtube_data_warehouse' retrieved from /opt/airflow/dags/youtube_data_warehouse.py
[2026-03-11T11:16:16.691+0000] {logging_mixin.py:188} INFO - [2026-03-11T11:16:16.690+0000] {dag.py:3033} INFO - Sync 1 DAGs
[2026-03-11T11:16:16.817+0000] {logging_mixin.py:188} INFO - [2026-03-11T11:16:16.816+0000] {dag.py:3820} INFO - Setting next_dagrun for youtube_data_warehouse to 2026-03-11T00:00:00+00:00, run_after=2026-03-12T00:00:00+00:00
[2026-03-11T11:16:16.898+0000] {processor.py:183} INFO - Processing /opt/airflow/dags/youtube_data_warehouse.py took 4.298 seconds
[2026-03-11T11:16:47.623+0000] {processor.py:161} INFO - Started process (PID=215) to work on /opt/airflow/dags/youtube_data_warehouse.py
[2026-03-11T11:16:47.626+0000] {processor.py:830} INFO - Processing file /opt/airflow/dags/youtube_data_warehouse.py for tasks to queue
[2026-03-11T11:16:47.635+0000] {logging_mixin.py:188} INFO - [2026-03-11T11:16:47.634+0000] {dagbag.py:538} INFO - Filling up the DagBag from /opt/airflow/dags/youtube_data_warehouse.py
[2026-03-11T11:16:48.951+0000] {processor.py:840} INFO - DAG(s) 'youtube_data_warehouse' retrieved from /opt/airflow/dags/youtube_data_warehouse.py
[2026-03-11T11:16:49.345+0000] {logging_mixin.py:188} INFO - [2026-03-11T11:16:49.344+0000] {dag.py:3033} INFO - Sync 1 DAGs
[2026-03-11T11:16:49.417+0000] {logging_mixin.py:188} INFO - [2026-03-11T11:16:49.416+0000] {dag.py:3820} INFO - Setting next_dagrun for youtube_data_warehouse to 2026-03-11T00:00:00+00:00, run_after=2026-03-12T00:00:00+00:00
[2026-03-11T11:16:49.538+0000] {processor.py:183} INFO - Processing /opt/airflow/dags/youtube_data_warehouse.py took 1.927 seconds
[2026-03-11T11:17:19.867+0000] {processor.py:161} INFO - Started process (PID=247) to work on /opt/airflow/dags/youtube_data_warehouse.py
[2026-03-11T11:17:19.872+0000] {processor.py:830} INFO - Processing file /opt/airflow/dags/youtube_data_warehouse.py for tasks to queue
[2026-03-11T11:17:19.885+0000] {logging_mixin.py:188} INFO - [2026-03-11T11:17:19.884+0000] {dagbag.py:538} INFO - Filling up the DagBag from /opt/airflow/dags/youtube_data_warehouse.py
[2026-03-11T11:17:21.546+0000] {processor.py:840} INFO - DAG(s) 'youtube_data_warehouse' retrieved from /opt/airflow/dags/youtube_data_warehouse.py
[2026-03-11T11:17:21.649+0000] {logging_mixin.py:188} INFO - [2026-03-11T11:17:21.645+0000] {dag.py:3033} INFO - Sync 1 DAGs
[2026-03-11T11:17:21.739+0000] {logging_mixin.py:188} INFO - [2026-03-11T11:17:21.739+0000] {dag.py:3820} INFO - Setting next_dagrun for youtube_data_warehouse to 2026-03-11T00:00:00+00:00, run_after=2026-03-12T00:00:00+00:00
[2026-03-11T11:17:21.830+0000] {processor.py:183} INFO - Processing /opt/airflow/dags/youtube_data_warehouse.py took 1.981 seconds
[2026-03-11T11:17:52.027+0000] {processor.py:161} INFO - Started process (PID=282) to work on /opt/airflow/dags/youtube_data_warehouse.py
[2026-03-11T11:17:52.030+0000] {processor.py:830} INFO - Processing file /opt/airflow/dags/youtube_data_warehouse.py for tasks to queue
[2026-03-11T11:17:52.038+0000] {logging_mixin.py:188} INFO - [2026-03-11T11:17:52.037+0000] {dagbag.py:538} INFO - Filling up the DagBag from /opt/airflow/dags/youtube_data_warehouse.py
[2026-03-11T11:17:53.856+0000] {processor.py:840} INFO - DAG(s) 'youtube_data_warehouse' retrieved from /opt/airflow/dags/youtube_data_warehouse.py
[2026-03-11T11:17:53.947+0000] {logging_mixin.py:188} INFO - [2026-03-11T11:17:53.943+0000] {dag.py:3033} INFO - Sync 1 DAGs
[2026-03-11T11:17:54.080+0000] {logging_mixin.py:188} INFO - [2026-03-11T11:17:54.079+0000] {dag.py:3820} INFO - Setting next_dagrun for youtube_data_warehouse to 2026-03-11T00:00:00+00:00, run_after=2026-03-12T00:00:00+00:00
[2026-03-11T11:17:54.634+0000] {processor.py:183} INFO - Processing /opt/airflow/dags/youtube_data_warehouse.py took 2.617 seconds
[2026-03-11T11:18:24.843+0000] {processor.py:161} INFO - Started process (PID=311) to work on /opt/airflow/dags/youtube_data_warehouse.py
[2026-03-11T11:18:24.848+0000] {processor.py:830} INFO - Processing file /opt/airflow/dags/youtube_data_warehouse.py for tasks to queue
[2026-03-11T11:18:24.862+0000] {logging_mixin.py:188} INFO - [2026-03-11T11:18:24.859+0000] {dagbag.py:538} INFO - Filling up the DagBag from /opt/airflow/dags/youtube_data_warehouse.py
[2026-03-11T11:18:26.933+0000] {processor.py:840} INFO - DAG(s) 'youtube_data_warehouse' retrieved from /opt/airflow/dags/youtube_data_warehouse.py
[2026-03-11T11:18:27.052+0000] {logging_mixin.py:188} INFO - [2026-03-11T11:18:27.050+0000] {dag.py:3033} INFO - Sync 1 DAGs
[2026-03-11T11:18:27.160+0000] {logging_mixin.py:188} INFO - [2026-03-11T11:18:27.160+0000] {dag.py:3820} INFO - Setting next_dagrun for youtube_data_warehouse to 2026-03-11T00:00:00+00:00, run_after=2026-03-12T00:00:00+00:00
[2026-03-11T11:18:27.238+0000] {processor.py:183} INFO - Processing /opt/airflow/dags/youtube_data_warehouse.py took 2.407 seconds
[2026-03-11T11:18:57.598+0000] {processor.py:161} INFO - Started process (PID=343) to work on /opt/airflow/dags/youtube_data_warehouse.py
[2026-03-11T11:18:57.601+0000] {processor.py:830} INFO - Processing file /opt/airflow/dags/youtube_data_warehouse.py for tasks to queue
[2026-03-11T11:18:57.611+0000] {logging_mixin.py:188} INFO - [2026-03-11T11:18:57.609+0000] {dagbag.py:538} INFO - Filling up the DagBag from /opt/airflow/dags/youtube_data_warehouse.py
[2026-03-11T11:18:58.685+0000] {processor.py:840} INFO - DAG(s) 'youtube_data_warehouse' retrieved from /opt/airflow/dags/youtube_data_warehouse.py
[2026-03-11T11:18:58.778+0000] {logging_mixin.py:188} INFO - [2026-03-11T11:18:58.777+0000] {dag.py:3033} INFO - Sync 1 DAGs
[2026-03-11T11:18:58.860+0000] {logging_mixin.py:188} INFO - [2026-03-11T11:18:58.860+0000] {dag.py:3820} INFO - Setting next_dagrun for youtube_data_warehouse to 2026-03-11T00:00:00+00:00, run_after=2026-03-12T00:00:00+00:00
[2026-03-11T11:18:58.927+0000] {processor.py:183} INFO - Processing /opt/airflow/dags/youtube_data_warehouse.py took 1.344 seconds
[2026-03-11T11:19:29.206+0000] {processor.py:161} INFO - Started process (PID=383) to work on /opt/airflow/dags/youtube_data_warehouse.py
[2026-03-11T11:19:29.210+0000] {processor.py:830} INFO - Processing file /opt/airflow/dags/youtube_data_warehouse.py for tasks to queue
[2026-03-11T11:19:29.220+0000] {logging_mixin.py:188} INFO - [2026-03-11T11:19:29.220+0000] {dagbag.py:538} INFO - Filling up the DagBag from /opt/airflow/dags/youtube_data_warehouse.py
[2026-03-11T11:19:30.468+0000] {processor.py:840} INFO - DAG(s) 'youtube_data_warehouse' retrieved from /opt/airflow/dags/youtube_data_warehouse.py
[2026-03-11T11:19:30.576+0000] {logging_mixin.py:188} INFO - [2026-03-11T11:19:30.575+0000] {dag.py:3033} INFO - Sync 1 DAGs
[2026-03-11T11:19:30.646+0000] {logging_mixin.py:188} INFO - [2026-03-11T11:19:30.646+0000] {dag.py:3820} INFO - Setting next_dagrun for youtube_data_warehouse to 2026-03-11T00:00:00+00:00, run_after=2026-03-12T00:00:00+00:00
[2026-03-11T11:19:30.704+0000] {processor.py:183} INFO - Processing /opt/airflow/dags/youtube_data_warehouse.py took 1.507 seconds
[2026-03-11T11:20:01.000+0000] {processor.py:161} INFO - Started process (PID=415) to work on /opt/airflow/dags/youtube_data_warehouse.py
[2026-03-11T11:20:01.003+0000] {processor.py:830} INFO - Processing file /opt/airflow/dags/youtube_data_warehouse.py for tasks to queue
[2026-03-11T11:20:01.014+0000] {logging_mixin.py:188} INFO - [2026-03-11T11:20:01.011+0000] {dagbag.py:538} INFO - Filling up the DagBag from /opt/airflow/dags/youtube_data_warehouse.py
[2026-03-11T11:20:02.689+0000] {processor.py:840} INFO - DAG(s) 'youtube_data_warehouse' retrieved from /opt/airflow/dags/youtube_data_warehouse.py
[2026-03-11T11:20:02.838+0000] {logging_mixin.py:188} INFO - [2026-03-11T11:20:02.836+0000] {dag.py:3033} INFO - Sync 1 DAGs
[2026-03-11T11:20:02.958+0000] {logging_mixin.py:188} INFO - [2026-03-11T11:20:02.957+0000] {dag.py:3820} INFO - Setting next_dagrun for youtube_data_warehouse to 2026-03-11T00:00:00+00:00, run_after=2026-03-12T00:00:00+00:00
[2026-03-11T11:20:03.054+0000] {processor.py:183} INFO - Processing /opt/airflow/dags/youtube_data_warehouse.py took 2.063 seconds
[2026-03-11T11:20:33.796+0000] {processor.py:161} INFO - Started process (PID=447) to work on /opt/airflow/dags/youtube_data_warehouse.py
[2026-03-11T11:20:33.800+0000] {processor.py:830} INFO - Processing file /opt/airflow/dags/youtube_data_warehouse.py for tasks to queue
[2026-03-11T11:20:33.814+0000] {logging_mixin.py:188} INFO - [2026-03-11T11:20:33.813+0000] {dagbag.py:538} INFO - Filling up the DagBag from /opt/airflow/dags/youtube_data_warehouse.py
[2026-03-11T11:20:35.759+0000] {processor.py:840} INFO - DAG(s) 'youtube_data_warehouse' retrieved from /opt/airflow/dags/youtube_data_warehouse.py
[2026-03-11T11:20:35.915+0000] {logging_mixin.py:188} INFO - [2026-03-11T11:20:35.913+0000] {dag.py:3033} INFO - Sync 1 DAGs
[2026-03-11T11:20:36.141+0000] {logging_mixin.py:188} INFO - [2026-03-11T11:20:36.139+0000] {dag.py:3820} INFO - Setting next_dagrun for youtube_data_warehouse to 2026-03-11T00:00:00+00:00, run_after=2026-03-12T00:00:00+00:00
[2026-03-11T11:20:36.341+0000] {processor.py:183} INFO - Processing /opt/airflow/dags/youtube_data_warehouse.py took 2.559 seconds
[2026-03-11T11:21:07.446+0000] {processor.py:161} INFO - Started process (PID=506) to work on /opt/airflow/dags/youtube_data_warehouse.py
[2026-03-11T11:21:07.451+0000] {processor.py:830} INFO - Processing file /opt/airflow/dags/youtube_data_warehouse.py for tasks to queue
[2026-03-11T11:21:07.466+0000] {logging_mixin.py:188} INFO - [2026-03-11T11:21:07.464+0000] {dagbag.py:538} INFO - Filling up the DagBag from /opt/airflow/dags/youtube_data_warehouse.py
[2026-03-11T11:21:09.803+0000] {processor.py:840} INFO - DAG(s) 'youtube_data_warehouse' retrieved from /opt/airflow/dags/youtube_data_warehouse.py
[2026-03-11T11:21:09.969+0000] {logging_mixin.py:188} INFO - [2026-03-11T11:21:09.966+0000] {dag.py:3033} INFO - Sync 1 DAGs
[2026-03-11T11:21:10.182+0000] {logging_mixin.py:188} INFO - [2026-03-11T11:21:10.179+0000] {dag.py:3820} INFO - Setting next_dagrun for youtube_data_warehouse to 2026-03-11T00:00:00+00:00, run_after=2026-03-12T00:00:00+00:00
[2026-03-11T11:21:10.288+0000] {processor.py:183} INFO - Processing /opt/airflow/dags/youtube_data_warehouse.py took 2.867 seconds
[2026-03-11T11:21:41.168+0000] {processor.py:161} INFO - Started process (PID=549) to work on /opt/airflow/dags/youtube_data_warehouse.py
[2026-03-11T11:21:41.170+0000] {processor.py:830} INFO - Processing file /opt/airflow/dags/youtube_data_warehouse.py for tasks to queue
[2026-03-11T11:21:41.177+0000] {logging_mixin.py:188} INFO - [2026-03-11T11:21:41.175+0000] {dagbag.py:538} INFO - Filling up the DagBag from /opt/airflow/dags/youtube_data_warehouse.py
[2026-03-11T11:21:42.785+0000] {processor.py:840} INFO - DAG(s) 'youtube_data_warehouse' retrieved from /opt/airflow/dags/youtube_data_warehouse.py
[2026-03-11T11:21:42.878+0000] {logging_mixin.py:188} INFO - [2026-03-11T11:21:42.876+0000] {dag.py:3033} INFO - Sync 1 DAGs
[2026-03-11T11:21:42.962+0000] {logging_mixin.py:188} INFO - [2026-03-11T11:21:42.962+0000] {dag.py:3820} INFO - Setting next_dagrun for youtube_data_warehouse to 2026-03-11T00:00:00+00:00, run_after=2026-03-12T00:00:00+00:00
[2026-03-11T11:21:43.040+0000] {processor.py:183} INFO - Processing /opt/airflow/dags/youtube_data_warehouse.py took 1.882 seconds
[2026-03-11T11:22:13.295+0000] {processor.py:161} INFO - Started process (PID=581) to work on /opt/airflow/dags/youtube_data_warehouse.py
[2026-03-11T11:22:13.298+0000] {processor.py:830} INFO - Processing file /opt/airflow/dags/youtube_data_warehouse.py for tasks to queue
[2026-03-11T11:22:13.305+0000] {logging_mixin.py:188} INFO - [2026-03-11T11:22:13.304+0000] {dagbag.py:538} INFO - Filling up the DagBag from /opt/airflow/dags/youtube_data_warehouse.py
[2026-03-11T11:22:14.521+0000] {processor.py:840} INFO - DAG(s) 'youtube_data_warehouse' retrieved from /opt/airflow/dags/youtube_data_warehouse.py
[2026-03-11T11:22:14.631+0000] {logging_mixin.py:188} INFO - [2026-03-11T11:22:14.630+0000] {dag.py:3033} INFO - Sync 1 DAGs
[2026-03-11T11:22:14.731+0000] {logging_mixin.py:188} INFO - [2026-03-11T11:22:14.730+0000] {dag.py:3820} INFO - Setting next_dagrun for youtube_data_warehouse to 2026-03-11T00:00:00+00:00, run_after=2026-03-12T00:00:00+00:00
[2026-03-11T11:22:14.790+0000] {processor.py:183} INFO - Processing /opt/airflow/dags/youtube_data_warehouse.py took 1.504 seconds
[2026-03-11T11:22:45.356+0000] {processor.py:161} INFO - Started process (PID=613) to work on /opt/airflow/dags/youtube_data_warehouse.py
[2026-03-11T11:22:45.358+0000] {processor.py:830} INFO - Processing file /opt/airflow/dags/youtube_data_warehouse.py for tasks to queue
[2026-03-11T11:22:45.366+0000] {logging_mixin.py:188} INFO - [2026-03-11T11:22:45.364+0000] {dagbag.py:538} INFO - Filling up the DagBag from /opt/airflow/dags/youtube_data_warehouse.py
[2026-03-11T11:22:46.678+0000] {processor.py:840} INFO - DAG(s) 'youtube_data_warehouse' retrieved from /opt/airflow/dags/youtube_data_warehouse.py
[2026-03-11T11:22:46.817+0000] {logging_mixin.py:188} INFO - [2026-03-11T11:22:46.815+0000] {dag.py:3033} INFO - Sync 1 DAGs
[2026-03-11T11:22:46.890+0000] {logging_mixin.py:188} INFO - [2026-03-11T11:22:46.889+0000] {dag.py:3820} INFO - Setting next_dagrun for youtube_data_warehouse to 2026-03-11T00:00:00+00:00, run_after=2026-03-12T00:00:00+00:00
[2026-03-11T11:22:46.949+0000] {processor.py:183} INFO - Processing /opt/airflow/dags/youtube_data_warehouse.py took 1.603 seconds
[2026-03-11T11:23:17.274+0000] {processor.py:161} INFO - Started process (PID=645) to work on /opt/airflow/dags/youtube_data_warehouse.py
[2026-03-11T11:23:17.279+0000] {processor.py:830} INFO - Processing file /opt/airflow/dags/youtube_data_warehouse.py for tasks to queue
[2026-03-11T11:23:17.289+0000] {logging_mixin.py:188} INFO - [2026-03-11T11:23:17.288+0000] {dagbag.py:538} INFO - Filling up the DagBag from /opt/airflow/dags/youtube_data_warehouse.py
[2026-03-11T11:23:18.976+0000] {processor.py:840} INFO - DAG(s) 'youtube_data_warehouse' retrieved from /opt/airflow/dags/youtube_data_warehouse.py
[2026-03-11T11:23:19.057+0000] {logging_mixin.py:188} INFO - [2026-03-11T11:23:19.053+0000] {dag.py:3033} INFO - Sync 1 DAGs
[2026-03-11T11:23:19.135+0000] {logging_mixin.py:188} INFO - [2026-03-11T11:23:19.135+0000] {dag.py:3820} INFO - Setting next_dagrun for youtube_data_warehouse to 2026-03-11T00:00:00+00:00, run_after=2026-03-12T00:00:00+00:00
[2026-03-11T11:23:19.213+0000] {processor.py:183} INFO - Processing /opt/airflow/dags/youtube_data_warehouse.py took 1.948 seconds
[2026-03-11T11:23:50.029+0000] {processor.py:161} INFO - Started process (PID=677) to work on /opt/airflow/dags/youtube_data_warehouse.py
[2026-03-11T11:23:50.032+0000] {processor.py:830} INFO - Processing file /opt/airflow/dags/youtube_data_warehouse.py for tasks to queue
[2026-03-11T11:23:50.042+0000] {logging_mixin.py:188} INFO - [2026-03-11T11:23:50.041+0000] {dagbag.py:538} INFO - Filling up the DagBag from /opt/airflow/dags/youtube_data_warehouse.py
[2026-03-11T11:23:51.900+0000] {processor.py:840} INFO - DAG(s) 'youtube_data_warehouse' retrieved from /opt/airflow/dags/youtube_data_warehouse.py
[2026-03-11T11:23:52.038+0000] {logging_mixin.py:188} INFO - [2026-03-11T11:23:52.036+0000] {dag.py:3033} INFO - Sync 1 DAGs
[2026-03-11T11:23:52.145+0000] {logging_mixin.py:188} INFO - [2026-03-11T11:23:52.144+0000] {dag.py:3820} INFO - Setting next_dagrun for youtube_data_warehouse to 2026-03-11T00:00:00+00:00, run_after=2026-03-12T00:00:00+00:00
[2026-03-11T11:23:52.230+0000] {processor.py:183} INFO - Processing /opt/airflow/dags/youtube_data_warehouse.py took 2.213 seconds
[2026-03-11T11:24:22.514+0000] {processor.py:161} INFO - Started process (PID=712) to work on /opt/airflow/dags/youtube_data_warehouse.py
[2026-03-11T11:24:22.519+0000] {processor.py:830} INFO - Processing file /opt/airflow/dags/youtube_data_warehouse.py for tasks to queue
[2026-03-11T11:24:22.534+0000] {logging_mixin.py:188} INFO - [2026-03-11T11:24:22.532+0000] {dagbag.py:538} INFO - Filling up the DagBag from /opt/airflow/dags/youtube_data_warehouse.py
[2026-03-11T11:24:24.545+0000] {processor.py:840} INFO - DAG(s) 'youtube_data_warehouse' retrieved from /opt/airflow/dags/youtube_data_warehouse.py
[2026-03-11T11:24:24.713+0000] {logging_mixin.py:188} INFO - [2026-03-11T11:24:24.708+0000] {dag.py:3033} INFO - Sync 1 DAGs
[2026-03-11T11:24:24.863+0000] {logging_mixin.py:188} INFO - [2026-03-11T11:24:24.863+0000] {dag.py:3820} INFO - Setting next_dagrun for youtube_data_warehouse to 2026-03-11T00:00:00+00:00, run_after=2026-03-12T00:00:00+00:00
[2026-03-11T11:24:25.023+0000] {processor.py:183} INFO - Processing /opt/airflow/dags/youtube_data_warehouse.py took 2.525 seconds
[2026-03-11T11:24:55.241+0000] {processor.py:161} INFO - Started process (PID=744) to work on /opt/airflow/dags/youtube_data_warehouse.py
[2026-03-11T11:24:55.247+0000] {processor.py:830} INFO - Processing file /opt/airflow/dags/youtube_data_warehouse.py for tasks to queue
[2026-03-11T11:24:55.259+0000] {logging_mixin.py:188} INFO - [2026-03-11T11:24:55.258+0000] {dagbag.py:538} INFO - Filling up the DagBag from /opt/airflow/dags/youtube_data_warehouse.py
[2026-03-11T11:24:57.027+0000] {processor.py:840} INFO - DAG(s) 'youtube_data_warehouse' retrieved from /opt/airflow/dags/youtube_data_warehouse.py
[2026-03-11T11:24:57.147+0000] {logging_mixin.py:188} INFO - [2026-03-11T11:24:57.142+0000] {dag.py:3033} INFO - Sync 1 DAGs
[2026-03-11T11:24:57.277+0000] {logging_mixin.py:188} INFO - [2026-03-11T11:24:57.274+0000] {dag.py:3820} INFO - Setting next_dagrun for youtube_data_warehouse to 2026-03-11T00:00:00+00:00, run_after=2026-03-12T00:00:00+00:00
[2026-03-11T11:24:57.417+0000] {processor.py:183} INFO - Processing /opt/airflow/dags/youtube_data_warehouse.py took 2.187 seconds
[2026-03-11T11:25:28.253+0000] {processor.py:161} INFO - Started process (PID=779) to work on /opt/airflow/dags/youtube_data_warehouse.py
[2026-03-11T11:25:28.256+0000] {processor.py:830} INFO - Processing file /opt/airflow/dags/youtube_data_warehouse.py for tasks to queue
[2026-03-11T11:25:28.266+0000] {logging_mixin.py:188} INFO - [2026-03-11T11:25:28.265+0000] {dagbag.py:538} INFO - Filling up the DagBag from /opt/airflow/dags/youtube_data_warehouse.py
[2026-03-11T11:25:29.887+0000] {processor.py:840} INFO - DAG(s) 'youtube_data_warehouse' retrieved from /opt/airflow/dags/youtube_data_warehouse.py
[2026-03-11T11:25:29.991+0000] {logging_mixin.py:188} INFO - [2026-03-11T11:25:29.988+0000] {dag.py:3033} INFO - Sync 1 DAGs
[2026-03-11T11:25:30.112+0000] {logging_mixin.py:188} INFO - [2026-03-11T11:25:30.111+0000] {dag.py:3820} INFO - Setting next_dagrun for youtube_data_warehouse to 2026-03-11T00:00:00+00:00, run_after=2026-03-12T00:00:00+00:00
[2026-03-11T11:25:30.219+0000] {processor.py:183} INFO - Processing /opt/airflow/dags/youtube_data_warehouse.py took 1.979 seconds
[2026-03-11T11:26:01.123+0000] {processor.py:161} INFO - Started process (PID=819) to work on /opt/airflow/dags/youtube_data_warehouse.py
[2026-03-11T11:26:01.128+0000] {processor.py:830} INFO - Processing file /opt/airflow/dags/youtube_data_warehouse.py for tasks to queue
[2026-03-11T11:26:01.138+0000] {logging_mixin.py:188} INFO - [2026-03-11T11:26:01.137+0000] {dagbag.py:538} INFO - Filling up the DagBag from /opt/airflow/dags/youtube_data_warehouse.py
[2026-03-11T11:26:03.357+0000] {processor.py:840} INFO - DAG(s) 'youtube_data_warehouse' retrieved from /opt/airflow/dags/youtube_data_warehouse.py
[2026-03-11T11:26:03.478+0000] {logging_mixin.py:188} INFO - [2026-03-11T11:26:03.476+0000] {dag.py:3033} INFO - Sync 1 DAGs
[2026-03-11T11:26:03.617+0000] {logging_mixin.py:188} INFO - [2026-03-11T11:26:03.616+0000] {dag.py:3820} INFO - Setting next_dagrun for youtube_data_warehouse to 2026-03-11T00:00:00+00:00, run_after=2026-03-12T00:00:00+00:00
[2026-03-11T11:26:03.720+0000] {processor.py:183} INFO - Processing /opt/airflow/dags/youtube_data_warehouse.py took 2.607 seconds
[2026-03-11T11:26:34.037+0000] {processor.py:161} INFO - Started process (PID=851) to work on /opt/airflow/dags/youtube_data_warehouse.py
[2026-03-11T11:26:34.045+0000] {processor.py:830} INFO - Processing file /opt/airflow/dags/youtube_data_warehouse.py for tasks to queue
[2026-03-11T11:26:34.064+0000] {logging_mixin.py:188} INFO - [2026-03-11T11:26:34.063+0000] {dagbag.py:538} INFO - Filling up the DagBag from /opt/airflow/dags/youtube_data_warehouse.py
[2026-03-11T11:26:36.413+0000] {processor.py:840} INFO - DAG(s) 'youtube_data_warehouse' retrieved from /opt/airflow/dags/youtube_data_warehouse.py
[2026-03-11T11:26:36.535+0000] {logging_mixin.py:188} INFO - [2026-03-11T11:26:36.534+0000] {dag.py:3033} INFO - Sync 1 DAGs
[2026-03-11T11:26:36.708+0000] {logging_mixin.py:188} INFO - [2026-03-11T11:26:36.707+0000] {dag.py:3820} INFO - Setting next_dagrun for youtube_data_warehouse to 2026-03-11T00:00:00+00:00, run_after=2026-03-12T00:00:00+00:00
[2026-03-11T11:26:36.832+0000] {processor.py:183} INFO - Processing /opt/airflow/dags/youtube_data_warehouse.py took 2.811 seconds
[2026-03-11T11:27:07.009+0000] {processor.py:161} INFO - Started process (PID=883) to work on /opt/airflow/dags/youtube_data_warehouse.py
[2026-03-11T11:27:07.013+0000] {processor.py:830} INFO - Processing file /opt/airflow/dags/youtube_data_warehouse.py for tasks to queue
[2026-03-11T11:27:07.028+0000] {logging_mixin.py:188} INFO - [2026-03-11T11:27:07.025+0000] {dagbag.py:538} INFO - Filling up the DagBag from /opt/airflow/dags/youtube_data_warehouse.py
[2026-03-11T11:27:09.174+0000] {processor.py:840} INFO - DAG(s) 'youtube_data_warehouse' retrieved from /opt/airflow/dags/youtube_data_warehouse.py
[2026-03-11T11:27:09.333+0000] {logging_mixin.py:188} INFO - [2026-03-11T11:27:09.331+0000] {dag.py:3033} INFO - Sync 1 DAGs
[2026-03-11T11:27:09.497+0000] {logging_mixin.py:188} INFO - [2026-03-11T11:27:09.496+0000] {dag.py:3820} INFO - Setting next_dagrun for youtube_data_warehouse to 2026-03-11T00:00:00+00:00, run_after=2026-03-12T00:00:00+00:00
[2026-03-11T11:27:09.607+0000] {processor.py:183} INFO - Processing /opt/airflow/dags/youtube_data_warehouse.py took 2.616 seconds
[2026-03-11T11:27:39.917+0000] {processor.py:161} INFO - Started process (PID=915) to work on /opt/airflow/dags/youtube_data_warehouse.py
[2026-03-11T11:27:39.921+0000] {processor.py:830} INFO - Processing file /opt/airflow/dags/youtube_data_warehouse.py for tasks to queue
[2026-03-11T11:27:39.933+0000] {logging_mixin.py:188} INFO - [2026-03-11T11:27:39.932+0000] {dagbag.py:538} INFO - Filling up the DagBag from /opt/airflow/dags/youtube_data_warehouse.py
[2026-03-11T11:27:41.856+0000] {processor.py:840} INFO - DAG(s) 'youtube_data_warehouse' retrieved from /opt/airflow/dags/youtube_data_warehouse.py
[2026-03-11T11:27:41.988+0000] {logging_mixin.py:188} INFO - [2026-03-11T11:27:41.983+0000] {dag.py:3033} INFO - Sync 1 DAGs
[2026-03-11T11:27:42.095+0000] {logging_mixin.py:188} INFO - [2026-03-11T11:27:42.094+0000] {dag.py:3820} INFO - Setting next_dagrun for youtube_data_warehouse to 2026-03-11T00:00:00+00:00, run_after=2026-03-12T00:00:00+00:00
[2026-03-11T11:27:42.160+0000] {processor.py:183} INFO - Processing /opt/airflow/dags/youtube_data_warehouse.py took 2.261 seconds
[2026-03-11T11:28:13.002+0000] {processor.py:161} INFO - Started process (PID=947) to work on /opt/airflow/dags/youtube_data_warehouse.py
[2026-03-11T11:28:13.005+0000] {processor.py:830} INFO - Processing file /opt/airflow/dags/youtube_data_warehouse.py for tasks to queue
[2026-03-11T11:28:13.016+0000] {logging_mixin.py:188} INFO - [2026-03-11T11:28:13.015+0000] {dagbag.py:538} INFO - Filling up the DagBag from /opt/airflow/dags/youtube_data_warehouse.py
[2026-03-11T11:28:14.317+0000] {processor.py:840} INFO - DAG(s) 'youtube_data_warehouse' retrieved from /opt/airflow/dags/youtube_data_warehouse.py
[2026-03-11T11:28:14.425+0000] {logging_mixin.py:188} INFO - [2026-03-11T11:28:14.424+0000] {dag.py:3033} INFO - Sync 1 DAGs
[2026-03-11T11:28:14.514+0000] {logging_mixin.py:188} INFO - [2026-03-11T11:28:14.513+0000] {dag.py:3820} INFO - Setting next_dagrun for youtube_data_warehouse to 2026-03-11T00:00:00+00:00, run_after=2026-03-12T00:00:00+00:00
[2026-03-11T11:28:14.607+0000] {processor.py:183} INFO - Processing /opt/airflow/dags/youtube_data_warehouse.py took 1.618 seconds
[2026-03-11T11:28:45.277+0000] {processor.py:161} INFO - Started process (PID=979) to work on /opt/airflow/dags/youtube_data_warehouse.py
[2026-03-11T11:28:45.281+0000] {processor.py:830} INFO - Processing file /opt/airflow/dags/youtube_data_warehouse.py for tasks to queue
[2026-03-11T11:28:45.289+0000] {logging_mixin.py:188} INFO - [2026-03-11T11:28:45.288+0000] {dagbag.py:538} INFO - Filling up the DagBag from /opt/airflow/dags/youtube_data_warehouse.py
[2026-03-11T11:28:46.989+0000] {processor.py:840} INFO - DAG(s) 'youtube_data_warehouse' retrieved from /opt/airflow/dags/youtube_data_warehouse.py
[2026-03-11T11:28:47.107+0000] {logging_mixin.py:188} INFO - [2026-03-11T11:28:47.105+0000] {dag.py:3033} INFO - Sync 1 DAGs
[2026-03-11T11:28:47.223+0000] {logging_mixin.py:188} INFO - [2026-03-11T11:28:47.222+0000] {dag.py:3820} INFO - Setting next_dagrun for youtube_data_warehouse to 2026-03-11T00:00:00+00:00, run_after=2026-03-12T00:00:00+00:00
[2026-03-11T11:28:47.349+0000] {processor.py:183} INFO - Processing /opt/airflow/dags/youtube_data_warehouse.py took 2.085 seconds
[2026-03-11T11:29:18.137+0000] {processor.py:161} INFO - Started process (PID=1011) to work on /opt/airflow/dags/youtube_data_warehouse.py
[2026-03-11T11:29:18.141+0000] {processor.py:830} INFO - Processing file /opt/airflow/dags/youtube_data_warehouse.py for tasks to queue
[2026-03-11T11:29:18.151+0000] {logging_mixin.py:188} INFO - [2026-03-11T11:29:18.150+0000] {dagbag.py:538} INFO - Filling up the DagBag from /opt/airflow/dags/youtube_data_warehouse.py
[2026-03-11T11:29:19.888+0000] {processor.py:840} INFO - DAG(s) 'youtube_data_warehouse' retrieved from /opt/airflow/dags/youtube_data_warehouse.py
[2026-03-11T11:29:20.015+0000] {logging_mixin.py:188} INFO - [2026-03-11T11:29:20.013+0000] {dag.py:3033} INFO - Sync 1 DAGs
[2026-03-11T11:29:20.128+0000] {logging_mixin.py:188} INFO - [2026-03-11T11:29:20.127+0000] {dag.py:3820} INFO - Setting next_dagrun for youtube_data_warehouse to 2026-03-11T00:00:00+00:00, run_after=2026-03-12T00:00:00+00:00
[2026-03-11T11:29:20.211+0000] {processor.py:183} INFO - Processing /opt/airflow/dags/youtube_data_warehouse.py took 2.087 seconds
[2026-03-11T11:29:50.379+0000] {processor.py:161} INFO - Started process (PID=1043) to work on /opt/airflow/dags/youtube_data_warehouse.py
[2026-03-11T11:29:50.382+0000] {processor.py:830} INFO - Processing file /opt/airflow/dags/youtube_data_warehouse.py for tasks to queue
[2026-03-11T11:29:50.392+0000] {logging_mixin.py:188} INFO - [2026-03-11T11:29:50.390+0000] {dagbag.py:538} INFO - Filling up the DagBag from /opt/airflow/dags/youtube_data_warehouse.py
[2026-03-11T11:29:52.185+0000] {processor.py:840} INFO - DAG(s) 'youtube_data_warehouse' retrieved from /opt/airflow/dags/youtube_data_warehouse.py
[2026-03-11T11:29:52.298+0000] {logging_mixin.py:188} INFO - [2026-03-11T11:29:52.295+0000] {dag.py:3033} INFO - Sync 1 DAGs
[2026-03-11T11:29:52.445+0000] {logging_mixin.py:188} INFO - [2026-03-11T11:29:52.445+0000] {dag.py:3820} INFO - Setting next_dagrun for youtube_data_warehouse to 2026-03-11T00:00:00+00:00, run_after=2026-03-12T00:00:00+00:00
[2026-03-11T11:29:52.547+0000] {processor.py:183} INFO - Processing /opt/airflow/dags/youtube_data_warehouse.py took 2.182 seconds
[2026-03-11T11:30:22.814+0000] {processor.py:161} INFO - Started process (PID=1081) to work on /opt/airflow/dags/youtube_data_warehouse.py
[2026-03-11T11:30:22.817+0000] {processor.py:830} INFO - Processing file /opt/airflow/dags/youtube_data_warehouse.py for tasks to queue
[2026-03-11T11:30:22.826+0000] {logging_mixin.py:188} INFO - [2026-03-11T11:30:22.824+0000] {dagbag.py:538} INFO - Filling up the DagBag from /opt/airflow/dags/youtube_data_warehouse.py
[2026-03-11T11:30:25.175+0000] {processor.py:840} INFO - DAG(s) 'youtube_data_warehouse' retrieved from /opt/airflow/dags/youtube_data_warehouse.py
[2026-03-11T11:30:25.331+0000] {logging_mixin.py:188} INFO - [2026-03-11T11:30:25.329+0000] {dag.py:3033} INFO - Sync 1 DAGs
[2026-03-11T11:30:25.475+0000] {logging_mixin.py:188} INFO - [2026-03-11T11:30:25.474+0000] {dag.py:3820} INFO - Setting next_dagrun for youtube_data_warehouse to 2026-03-11T00:00:00+00:00, run_after=2026-03-12T00:00:00+00:00
[2026-03-11T11:30:25.569+0000] {processor.py:183} INFO - Processing /opt/airflow/dags/youtube_data_warehouse.py took 2.768 seconds
[2026-03-11T11:30:56.173+0000] {processor.py:161} INFO - Started process (PID=1113) to work on /opt/airflow/dags/youtube_data_warehouse.py
[2026-03-11T11:30:56.178+0000] {processor.py:830} INFO - Processing file /opt/airflow/dags/youtube_data_warehouse.py for tasks to queue
[2026-03-11T11:30:56.191+0000] {logging_mixin.py:188} INFO - [2026-03-11T11:30:56.189+0000] {dagbag.py:538} INFO - Filling up the DagBag from /opt/airflow/dags/youtube_data_warehouse.py
[2026-03-11T11:30:58.200+0000] {processor.py:840} INFO - DAG(s) 'youtube_data_warehouse' retrieved from /opt/airflow/dags/youtube_data_warehouse.py
[2026-03-11T11:30:58.361+0000] {logging_mixin.py:188} INFO - [2026-03-11T11:30:58.343+0000] {dag.py:3033} INFO - Sync 1 DAGs
[2026-03-11T11:30:58.547+0000] {logging_mixin.py:188} INFO - [2026-03-11T11:30:58.547+0000] {dag.py:3820} INFO - Setting next_dagrun for youtube_data_warehouse to 2026-03-11T00:00:00+00:00, run_after=2026-03-12T00:00:00+00:00
[2026-03-11T11:30:58.714+0000] {processor.py:183} INFO - Processing /opt/airflow/dags/youtube_data_warehouse.py took 2.560 seconds
[2026-03-11T11:31:28.976+0000] {processor.py:161} INFO - Started process (PID=1158) to work on /opt/airflow/dags/youtube_data_warehouse.py
[2026-03-11T11:31:28.978+0000] {processor.py:830} INFO - Processing file /opt/airflow/dags/youtube_data_warehouse.py for tasks to queue
[2026-03-11T11:31:28.988+0000] {logging_mixin.py:188} INFO - [2026-03-11T11:31:28.987+0000] {dagbag.py:538} INFO - Filling up the DagBag from /opt/airflow/dags/youtube_data_warehouse.py
[2026-03-11T11:31:30.691+0000] {processor.py:840} INFO - DAG(s) 'youtube_data_warehouse' retrieved from /opt/airflow/dags/youtube_data_warehouse.py
[2026-03-11T11:31:30.847+0000] {logging_mixin.py:188} INFO - [2026-03-11T11:31:30.845+0000] {dag.py:3033} INFO - Sync 1 DAGs
[2026-03-11T11:31:30.998+0000] {logging_mixin.py:188} INFO - [2026-03-11T11:31:30.998+0000] {dag.py:3820} INFO - Setting next_dagrun for youtube_data_warehouse to 2026-03-11T00:00:00+00:00, run_after=2026-03-12T00:00:00+00:00
[2026-03-11T11:31:31.080+0000] {processor.py:183} INFO - Processing /opt/airflow/dags/youtube_data_warehouse.py took 2.120 seconds
[2026-03-11T11:32:01.408+0000] {processor.py:161} INFO - Started process (PID=1195) to work on /opt/airflow/dags/youtube_data_warehouse.py
[2026-03-11T11:32:01.411+0000] {processor.py:830} INFO - Processing file /opt/airflow/dags/youtube_data_warehouse.py for tasks to queue
[2026-03-11T11:32:01.418+0000] {logging_mixin.py:188} INFO - [2026-03-11T11:32:01.417+0000] {dagbag.py:538} INFO - Filling up the DagBag from /opt/airflow/dags/youtube_data_warehouse.py
[2026-03-11T11:32:02.940+0000] {processor.py:840} INFO - DAG(s) 'youtube_data_warehouse' retrieved from /opt/airflow/dags/youtube_data_warehouse.py
[2026-03-11T11:32:03.034+0000] {logging_mixin.py:188} INFO - [2026-03-11T11:32:03.033+0000] {dag.py:3033} INFO - Sync 1 DAGs
[2026-03-11T11:32:03.131+0000] {logging_mixin.py:188} INFO - [2026-03-11T11:32:03.130+0000] {dag.py:3820} INFO - Setting next_dagrun for youtube_data_warehouse to 2026-03-11T00:00:00+00:00, run_after=2026-03-12T00:00:00+00:00
[2026-03-11T11:32:03.206+0000] {processor.py:183} INFO - Processing /opt/airflow/dags/youtube_data_warehouse.py took 1.807 seconds
[2026-03-11T11:32:33.726+0000] {processor.py:161} INFO - Started process (PID=1232) to work on /opt/airflow/dags/youtube_data_warehouse.py
[2026-03-11T11:32:33.730+0000] {processor.py:830} INFO - Processing file /opt/airflow/dags/youtube_data_warehouse.py for tasks to queue
[2026-03-11T11:32:33.744+0000] {logging_mixin.py:188} INFO - [2026-03-11T11:32:33.741+0000] {dagbag.py:538} INFO - Filling up the DagBag from /opt/airflow/dags/youtube_data_warehouse.py
[2026-03-11T11:32:35.736+0000] {processor.py:840} INFO - DAG(s) 'youtube_data_warehouse' retrieved from /opt/airflow/dags/youtube_data_warehouse.py
[2026-03-11T11:32:35.858+0000] {logging_mixin.py:188} INFO - [2026-03-11T11:32:35.856+0000] {dag.py:3033} INFO - Sync 1 DAGs
[2026-03-11T11:32:35.987+0000] {logging_mixin.py:188} INFO - [2026-03-11T11:32:35.986+0000] {dag.py:3820} INFO - Setting next_dagrun for youtube_data_warehouse to 2026-03-11T00:00:00+00:00, run_after=2026-03-12T00:00:00+00:00
[2026-03-11T11:32:36.084+0000] {processor.py:183} INFO - Processing /opt/airflow/dags/youtube_data_warehouse.py took 2.377 seconds
[2026-03-11T11:33:06.376+0000] {processor.py:161} INFO - Started process (PID=1264) to work on /opt/airflow/dags/youtube_data_warehouse.py
[2026-03-11T11:33:06.379+0000] {processor.py:830} INFO - Processing file /opt/airflow/dags/youtube_data_warehouse.py for tasks to queue
[2026-03-11T11:33:06.387+0000] {logging_mixin.py:188} INFO - [2026-03-11T11:33:06.386+0000] {dagbag.py:538} INFO - Filling up the DagBag from /opt/airflow/dags/youtube_data_warehouse.py
[2026-03-11T11:33:07.943+0000] {processor.py:840} INFO - DAG(s) 'youtube_data_warehouse' retrieved from /opt/airflow/dags/youtube_data_warehouse.py
[2026-03-11T11:33:08.143+0000] {logging_mixin.py:188} INFO - [2026-03-11T11:33:08.140+0000] {dag.py:3033} INFO - Sync 1 DAGs
[2026-03-11T11:33:08.261+0000] {logging_mixin.py:188} INFO - [2026-03-11T11:33:08.260+0000] {dag.py:3820} INFO - Setting next_dagrun for youtube_data_warehouse to 2026-03-11T00:00:00+00:00, run_after=2026-03-12T00:00:00+00:00
[2026-03-11T11:33:08.332+0000] {processor.py:183} INFO - Processing /opt/airflow/dags/youtube_data_warehouse.py took 1.967 seconds
[2026-03-11T11:33:39.026+0000] {processor.py:161} INFO - Started process (PID=1296) to work on /opt/airflow/dags/youtube_data_warehouse.py
[2026-03-11T11:33:39.030+0000] {processor.py:830} INFO - Processing file /opt/airflow/dags/youtube_data_warehouse.py for tasks to queue
[2026-03-11T11:33:39.044+0000] {logging_mixin.py:188} INFO - [2026-03-11T11:33:39.041+0000] {dagbag.py:538} INFO - Filling up the DagBag from /opt/airflow/dags/youtube_data_warehouse.py
[2026-03-11T11:33:40.432+0000] {processor.py:840} INFO - DAG(s) 'youtube_data_warehouse' retrieved from /opt/airflow/dags/youtube_data_warehouse.py
[2026-03-11T11:33:40.596+0000] {logging_mixin.py:188} INFO - [2026-03-11T11:33:40.589+0000] {dag.py:3033} INFO - Sync 1 DAGs
[2026-03-11T11:33:40.730+0000] {logging_mixin.py:188} INFO - [2026-03-11T11:33:40.730+0000] {dag.py:3820} INFO - Setting next_dagrun for youtube_data_warehouse to 2026-03-11T00:00:00+00:00, run_after=2026-03-12T00:00:00+00:00
[2026-03-11T11:33:40.780+0000] {processor.py:183} INFO - Processing /opt/airflow/dags/youtube_data_warehouse.py took 1.769 seconds
[2026-03-11T11:34:11.113+0000] {processor.py:161} INFO - Started process (PID=1328) to work on /opt/airflow/dags/youtube_data_warehouse.py
[2026-03-11T11:34:11.116+0000] {processor.py:830} INFO - Processing file /opt/airflow/dags/youtube_data_warehouse.py for tasks to queue
[2026-03-11T11:34:11.124+0000] {logging_mixin.py:188} INFO - [2026-03-11T11:34:11.122+0000] {dagbag.py:538} INFO - Filling up the DagBag from /opt/airflow/dags/youtube_data_warehouse.py
[2026-03-11T11:34:12.595+0000] {processor.py:840} INFO - DAG(s) 'youtube_data_warehouse' retrieved from /opt/airflow/dags/youtube_data_warehouse.py
[2026-03-11T11:34:12.689+0000] {logging_mixin.py:188} INFO - [2026-03-11T11:34:12.687+0000] {dag.py:3033} INFO - Sync 1 DAGs
[2026-03-11T11:34:12.849+0000] {logging_mixin.py:188} INFO - [2026-03-11T11:34:12.848+0000] {dag.py:3820} INFO - Setting next_dagrun for youtube_data_warehouse to 2026-03-11T00:00:00+00:00, run_after=2026-03-12T00:00:00+00:00
[2026-03-11T11:34:12.935+0000] {processor.py:183} INFO - Processing /opt/airflow/dags/youtube_data_warehouse.py took 1.837 seconds
[2026-03-11T11:34:43.939+0000] {processor.py:161} INFO - Started process (PID=1360) to work on /opt/airflow/dags/youtube_data_warehouse.py
[2026-03-11T11:34:43.941+0000] {processor.py:830} INFO - Processing file /opt/airflow/dags/youtube_data_warehouse.py for tasks to queue
[2026-03-11T11:34:43.950+0000] {logging_mixin.py:188} INFO - [2026-03-11T11:34:43.949+0000] {dagbag.py:538} INFO - Filling up the DagBag from /opt/airflow/dags/youtube_data_warehouse.py
[2026-03-11T11:34:45.386+0000] {processor.py:840} INFO - DAG(s) 'youtube_data_warehouse' retrieved from /opt/airflow/dags/youtube_data_warehouse.py
[2026-03-11T11:34:45.485+0000] {logging_mixin.py:188} INFO - [2026-03-11T11:34:45.484+0000] {dag.py:3033} INFO - Sync 1 DAGs
[2026-03-11T11:34:45.581+0000] {logging_mixin.py:188} INFO - [2026-03-11T11:34:45.580+0000] {dag.py:3820} INFO - Setting next_dagrun for youtube_data_warehouse to 2026-03-11T00:00:00+00:00, run_after=2026-03-12T00:00:00+00:00
[2026-03-11T11:34:45.671+0000] {processor.py:183} INFO - Processing /opt/airflow/dags/youtube_data_warehouse.py took 1.738 seconds
[2026-03-11T11:35:16.007+0000] {processor.py:161} INFO - Started process (PID=1392) to work on /opt/airflow/dags/youtube_data_warehouse.py
[2026-03-11T11:35:16.010+0000] {processor.py:830} INFO - Processing file /opt/airflow/dags/youtube_data_warehouse.py for tasks to queue
[2026-03-11T11:35:16.019+0000] {logging_mixin.py:188} INFO - [2026-03-11T11:35:16.018+0000] {dagbag.py:538} INFO - Filling up the DagBag from /opt/airflow/dags/youtube_data_warehouse.py
[2026-03-11T11:35:17.736+0000] {processor.py:840} INFO - DAG(s) 'youtube_data_warehouse' retrieved from /opt/airflow/dags/youtube_data_warehouse.py
[2026-03-11T11:35:17.859+0000] {logging_mixin.py:188} INFO - [2026-03-11T11:35:17.851+0000] {dag.py:3033} INFO - Sync 1 DAGs
[2026-03-11T11:35:17.957+0000] {logging_mixin.py:188} INFO - [2026-03-11T11:35:17.956+0000] {dag.py:3820} INFO - Setting next_dagrun for youtube_data_warehouse to 2026-03-11T00:00:00+00:00, run_after=2026-03-12T00:00:00+00:00
[2026-03-11T11:35:18.025+0000] {processor.py:183} INFO - Processing /opt/airflow/dags/youtube_data_warehouse.py took 2.031 seconds
[2026-03-11T11:35:48.914+0000] {processor.py:161} INFO - Started process (PID=1427) to work on /opt/airflow/dags/youtube_data_warehouse.py
[2026-03-11T11:35:48.916+0000] {processor.py:830} INFO - Processing file /opt/airflow/dags/youtube_data_warehouse.py for tasks to queue
[2026-03-11T11:35:48.923+0000] {logging_mixin.py:188} INFO - [2026-03-11T11:35:48.922+0000] {dagbag.py:538} INFO - Filling up the DagBag from /opt/airflow/dags/youtube_data_warehouse.py
[2026-03-11T11:35:50.383+0000] {processor.py:840} INFO - DAG(s) 'youtube_data_warehouse' retrieved from /opt/airflow/dags/youtube_data_warehouse.py
[2026-03-11T11:35:50.482+0000] {logging_mixin.py:188} INFO - [2026-03-11T11:35:50.481+0000] {dag.py:3033} INFO - Sync 1 DAGs
[2026-03-11T11:35:50.583+0000] {logging_mixin.py:188} INFO - [2026-03-11T11:35:50.583+0000] {dag.py:3820} INFO - Setting next_dagrun for youtube_data_warehouse to 2026-03-11T00:00:00+00:00, run_after=2026-03-12T00:00:00+00:00
[2026-03-11T11:35:50.644+0000] {processor.py:183} INFO - Processing /opt/airflow/dags/youtube_data_warehouse.py took 1.740 seconds
[2026-03-11T11:36:20.949+0000] {processor.py:161} INFO - Started process (PID=1461) to work on /opt/airflow/dags/youtube_data_warehouse.py
[2026-03-11T11:36:20.951+0000] {processor.py:830} INFO - Processing file /opt/airflow/dags/youtube_data_warehouse.py for tasks to queue
[2026-03-11T11:36:20.956+0000] {logging_mixin.py:188} INFO - [2026-03-11T11:36:20.956+0000] {dagbag.py:538} INFO - Filling up the DagBag from /opt/airflow/dags/youtube_data_warehouse.py
[2026-03-11T11:36:21.775+0000] {processor.py:840} INFO - DAG(s) 'youtube_data_warehouse' retrieved from /opt/airflow/dags/youtube_data_warehouse.py
[2026-03-11T11:36:21.856+0000] {logging_mixin.py:188} INFO - [2026-03-11T11:36:21.855+0000] {dag.py:3033} INFO - Sync 1 DAGs
[2026-03-11T11:36:21.945+0000] {logging_mixin.py:188} INFO - [2026-03-11T11:36:21.945+0000] {dag.py:3820} INFO - Setting next_dagrun for youtube_data_warehouse to 2026-03-11T00:00:00+00:00, run_after=2026-03-12T00:00:00+00:00
[2026-03-11T11:36:21.999+0000] {processor.py:183} INFO - Processing /opt/airflow/dags/youtube_data_warehouse.py took 1.062 seconds
[2026-03-11T11:36:52.332+0000] {processor.py:161} INFO - Started process (PID=1493) to work on /opt/airflow/dags/youtube_data_warehouse.py
[2026-03-11T11:36:52.334+0000] {processor.py:830} INFO - Processing file /opt/airflow/dags/youtube_data_warehouse.py for tasks to queue
[2026-03-11T11:36:52.340+0000] {logging_mixin.py:188} INFO - [2026-03-11T11:36:52.339+0000] {dagbag.py:538} INFO - Filling up the DagBag from /opt/airflow/dags/youtube_data_warehouse.py
[2026-03-11T11:36:53.465+0000] {processor.py:840} INFO - DAG(s) 'youtube_data_warehouse' retrieved from /opt/airflow/dags/youtube_data_warehouse.py
[2026-03-11T11:36:53.534+0000] {logging_mixin.py:188} INFO - [2026-03-11T11:36:53.533+0000] {dag.py:3033} INFO - Sync 1 DAGs
[2026-03-11T11:36:53.596+0000] {logging_mixin.py:188} INFO - [2026-03-11T11:36:53.596+0000] {dag.py:3820} INFO - Setting next_dagrun for youtube_data_warehouse to 2026-03-11T00:00:00+00:00, run_after=2026-03-12T00:00:00+00:00
[2026-03-11T11:36:53.654+0000] {processor.py:183} INFO - Processing /opt/airflow/dags/youtube_data_warehouse.py took 1.329 seconds
[2026-03-11T11:37:23.929+0000] {processor.py:161} INFO - Started process (PID=1525) to work on /opt/airflow/dags/youtube_data_warehouse.py
[2026-03-11T11:37:23.932+0000] {processor.py:830} INFO - Processing file /opt/airflow/dags/youtube_data_warehouse.py for tasks to queue
[2026-03-11T11:37:23.936+0000] {logging_mixin.py:188} INFO - [2026-03-11T11:37:23.935+0000] {dagbag.py:538} INFO - Filling up the DagBag from /opt/airflow/dags/youtube_data_warehouse.py
[2026-03-11T11:37:24.610+0000] {processor.py:840} INFO - DAG(s) 'youtube_data_warehouse' retrieved from /opt/airflow/dags/youtube_data_warehouse.py
[2026-03-11T11:37:24.700+0000] {logging_mixin.py:188} INFO - [2026-03-11T11:37:24.699+0000] {dag.py:3033} INFO - Sync 1 DAGs
[2026-03-11T11:37:24.765+0000] {logging_mixin.py:188} INFO - [2026-03-11T11:37:24.765+0000] {dag.py:3820} INFO - Setting next_dagrun for youtube_data_warehouse to 2026-03-11T00:00:00+00:00, run_after=2026-03-12T00:00:00+00:00
[2026-03-11T11:37:24.810+0000] {processor.py:183} INFO - Processing /opt/airflow/dags/youtube_data_warehouse.py took 0.892 seconds
[2026-03-11T11:37:54.941+0000] {processor.py:161} INFO - Started process (PID=1557) to work on /opt/airflow/dags/youtube_data_warehouse.py
[2026-03-11T11:37:54.943+0000] {processor.py:830} INFO - Processing file /opt/airflow/dags/youtube_data_warehouse.py for tasks to queue
[2026-03-11T11:37:54.950+0000] {logging_mixin.py:188} INFO - [2026-03-11T11:37:54.949+0000] {dagbag.py:538} INFO - Filling up the DagBag from /opt/airflow/dags/youtube_data_warehouse.py
[2026-03-11T11:37:55.579+0000] {processor.py:840} INFO - DAG(s) 'youtube_data_warehouse' retrieved from /opt/airflow/dags/youtube_data_warehouse.py
[2026-03-11T11:37:55.650+0000] {logging_mixin.py:188} INFO - [2026-03-11T11:37:55.649+0000] {dag.py:3033} INFO - Sync 1 DAGs
[2026-03-11T11:37:55.711+0000] {logging_mixin.py:188} INFO - [2026-03-11T11:37:55.711+0000] {dag.py:3820} INFO - Setting next_dagrun for youtube_data_warehouse to 2026-03-11T00:00:00+00:00, run_after=2026-03-12T00:00:00+00:00
[2026-03-11T11:37:55.763+0000] {processor.py:183} INFO - Processing /opt/airflow/dags/youtube_data_warehouse.py took 0.829 seconds
[2026-03-11T11:38:26.252+0000] {processor.py:161} INFO - Started process (PID=1589) to work on /opt/airflow/dags/youtube_data_warehouse.py
[2026-03-11T11:38:26.255+0000] {processor.py:830} INFO - Processing file /opt/airflow/dags/youtube_data_warehouse.py for tasks to queue
[2026-03-11T11:38:26.261+0000] {logging_mixin.py:188} INFO - [2026-03-11T11:38:26.260+0000] {dagbag.py:538} INFO - Filling up the DagBag from /opt/airflow/dags/youtube_data_warehouse.py
[2026-03-11T11:38:27.241+0000] {processor.py:840} INFO - DAG(s) 'youtube_data_warehouse' retrieved from /opt/airflow/dags/youtube_data_warehouse.py
[2026-03-11T11:38:27.340+0000] {logging_mixin.py:188} INFO - [2026-03-11T11:38:27.338+0000] {dag.py:3033} INFO - Sync 1 DAGs
[2026-03-11T11:38:27.438+0000] {logging_mixin.py:188} INFO - [2026-03-11T11:38:27.438+0000] {dag.py:3820} INFO - Setting next_dagrun for youtube_data_warehouse to 2026-03-11T00:00:00+00:00, run_after=2026-03-12T00:00:00+00:00
[2026-03-11T11:38:27.491+0000] {processor.py:183} INFO - Processing /opt/airflow/dags/youtube_data_warehouse.py took 1.250 seconds
