[2026-03-11T11:24:21.033+0000] {taskinstance.py:1957} INFO - Dependencies all met for dep_context=non-requeueable deps ti=<TaskInstance: youtube_data_warehouse.load_staging_raw manual__2026-03-11T11:19:08.615212+00:00 [queued]>
[2026-03-11T11:24:21.069+0000] {taskinstance.py:1957} INFO - Dependencies all met for dep_context=requeueable deps ti=<TaskInstance: youtube_data_warehouse.load_staging_raw manual__2026-03-11T11:19:08.615212+00:00 [queued]>
[2026-03-11T11:24:21.070+0000] {taskinstance.py:2171} INFO - Starting attempt 2 of 2
[2026-03-11T11:24:21.616+0000] {taskinstance.py:2192} INFO - Executing <Task(PythonOperator): load_staging_raw> on 2026-03-11 11:19:08.615212+00:00
[2026-03-11T11:24:21.633+0000] {standard_task_runner.py:60} INFO - Started process 711 to run task
[2026-03-11T11:24:21.642+0000] {standard_task_runner.py:87} INFO - Running: ['***', 'tasks', 'run', 'youtube_data_warehouse', 'load_staging_raw', 'manual__2026-03-11T11:19:08.615212+00:00', '--job-id', '24', '--raw', '--subdir', 'DAGS_FOLDER/youtube_data_warehouse.py', '--cfg-path', '/tmp/tmp7ofabul3']
[2026-03-11T11:24:21.652+0000] {standard_task_runner.py:88} INFO - Job 24: Subtask load_staging_raw
[2026-03-11T11:24:21.720+0000] {logging_mixin.py:188} WARNING - /home/***/.local/lib/python3.11/site-packages/***/settings.py:195 DeprecationWarning: The sql_alchemy_conn option in [core] has been moved to the sql_alchemy_conn option in [database] - the old setting has been used, but please update your config.
[2026-03-11T11:24:22.036+0000] {task_command.py:423} INFO - Running <TaskInstance: youtube_data_warehouse.load_staging_raw manual__2026-03-11T11:19:08.615212+00:00 [running]> on host c224524d9170
[2026-03-11T11:24:22.584+0000] {taskinstance.py:2481} INFO - Exporting env vars: AIRFLOW_CTX_DAG_OWNER='***' AIRFLOW_CTX_DAG_ID='youtube_data_warehouse' AIRFLOW_CTX_TASK_ID='load_staging_raw' AIRFLOW_CTX_EXECUTION_DATE='2026-03-11T11:19:08.615212+00:00' AIRFLOW_CTX_TRY_NUMBER='2' AIRFLOW_CTX_DAG_RUN_ID='manual__2026-03-11T11:19:08.615212+00:00'
[2026-03-11T11:24:23.102+0000] {taskinstance.py:2699} ERROR - Task failed with exception
Traceback (most recent call last):
  File "/home/airflow/.local/lib/python3.11/site-packages/airflow/models/taskinstance.py", line 433, in _execute_task
    result = execute_callable(context=context, **execute_callable_kwargs)
             ^^^^^^^^^^^^^^^^^^^^^^^^^^^^^^^^^^^^^^^^^^^^^^^^^^^^^^^^^^^^
  File "/home/airflow/.local/lib/python3.11/site-packages/airflow/operators/python.py", line 199, in execute
    return_value = self.execute_callable()
                   ^^^^^^^^^^^^^^^^^^^^^^^
  File "/home/airflow/.local/lib/python3.11/site-packages/airflow/operators/python.py", line 216, in execute_callable
    return self.python_callable(*self.op_args, **self.op_kwargs)
           ^^^^^^^^^^^^^^^^^^^^^^^^^^^^^^^^^^^^^^^^^^^^^^^^^^^^^
  File "/opt/airflow/dags/youtube_data_warehouse.py", line 82, in load_staging_raw
    postgres_hook.run(insert_query, parameters=(source_file, json.dumps(video), False))
  File "/home/airflow/.local/lib/python3.11/site-packages/airflow/providers/common/sql/hooks/sql.py", line 385, in run
    with closing(self.get_conn()) as conn:
                 ^^^^^^^^^^^^^^^
  File "/home/airflow/.local/lib/python3.11/site-packages/airflow/providers/postgres/hooks/postgres.py", line 128, in get_conn
    conn = deepcopy(self.connection or self.get_connection(conn_id))
                                       ^^^^^^^^^^^^^^^^^^^^^^^^^^^^
  File "/home/airflow/.local/lib/python3.11/site-packages/airflow/hooks/base.py", line 82, in get_connection
    conn = Connection.get_connection_from_secrets(conn_id)
           ^^^^^^^^^^^^^^^^^^^^^^^^^^^^^^^^^^^^^^^^^^^^^^^
  File "/home/airflow/.local/lib/python3.11/site-packages/airflow/models/connection.py", line 479, in get_connection_from_secrets
    raise AirflowNotFoundException(f"The conn_id `{conn_id}` isn't defined")
airflow.exceptions.AirflowNotFoundException: The conn_id `postgres_default` isn't defined
[2026-03-11T11:24:23.124+0000] {taskinstance.py:1138} INFO - Marking task as FAILED. dag_id=youtube_data_warehouse, task_id=load_staging_raw, execution_date=20260311T111908, start_date=20260311T112421, end_date=20260311T112423
[2026-03-11T11:24:23.187+0000] {standard_task_runner.py:107} ERROR - Failed to execute job 24 for task load_staging_raw (The conn_id `postgres_default` isn't defined; 711)
[2026-03-11T11:24:23.233+0000] {local_task_job_runner.py:234} INFO - Task exited with return code 1
[2026-03-11T11:24:23.453+0000] {taskinstance.py:3281} INFO - 0 downstream tasks scheduled from follow-on schedule check
