[2026-03-11T11:20:43.653+0000] {taskinstance.py:1957} INFO - Dependencies all met for dep_context=non-requeueable deps ti=<TaskInstance: youtube_analytics_pipeline.create_youtube_table scheduled__2026-03-11T00:00:00+00:00 [queued]>
[2026-03-11T11:20:43.710+0000] {taskinstance.py:1957} INFO - Dependencies all met for dep_context=requeueable deps ti=<TaskInstance: youtube_analytics_pipeline.create_youtube_table scheduled__2026-03-11T00:00:00+00:00 [queued]>
[2026-03-11T11:20:43.714+0000] {taskinstance.py:2171} INFO - Starting attempt 1 of 2
[2026-03-11T11:20:43.904+0000] {taskinstance.py:2192} INFO - Executing <Task(PostgresOperator): create_youtube_table> on 2026-03-11 00:00:00+00:00
[2026-03-11T11:20:43.925+0000] {standard_task_runner.py:60} INFO - Started process 470 to run task
[2026-03-11T11:20:43.939+0000] {standard_task_runner.py:87} INFO - Running: ['***', 'tasks', 'run', 'youtube_analytics_pipeline', 'create_youtube_table', 'scheduled__2026-03-11T00:00:00+00:00', '--job-id', '6', '--raw', '--subdir', 'DAGS_FOLDER/youtube_analytics_dag.py', '--cfg-path', '/tmp/tmp80_9n0en']
[2026-03-11T11:20:43.952+0000] {standard_task_runner.py:88} INFO - Job 6: Subtask create_youtube_table
[2026-03-11T11:20:44.037+0000] {logging_mixin.py:188} WARNING - /home/***/.local/lib/python3.11/site-packages/***/settings.py:195 DeprecationWarning: The sql_alchemy_conn option in [core] has been moved to the sql_alchemy_conn option in [database] - the old setting has been used, but please update your config.
[2026-03-11T11:20:44.437+0000] {task_command.py:423} INFO - Running <TaskInstance: youtube_analytics_pipeline.create_youtube_table scheduled__2026-03-11T00:00:00+00:00 [running]> on host c224524d9170
[2026-03-11T11:20:45.452+0000] {taskinstance.py:2481} INFO - Exporting env vars: AIRFLOW_CTX_DAG_OWNER='***' AIRFLOW_CTX_DAG_ID='youtube_analytics_pipeline' AIRFLOW_CTX_TASK_ID='create_youtube_table' AIRFLOW_CTX_EXECUTION_DATE='2026-03-11T00:00:00+00:00' AIRFLOW_CTX_TRY_NUMBER='1' AIRFLOW_CTX_DAG_RUN_ID='scheduled__2026-03-11T00:00:00+00:00'
[2026-03-11T11:20:45.457+0000] {sql.py:276} INFO - Executing: 
        CREATE TABLE IF NOT EXISTS youtube_videos (
            video_id VARCHAR(50) PRIMARY KEY,
            title TEXT,
            description TEXT,
            published_at TIMESTAMP,
            view_count BIGINT,
            like_count BIGINT,
            duration VARCHAR(20),
            extracted_at TIMESTAMP DEFAULT NOW()
        );
        CREATE INDEX IF NOT EXISTS idx_published_at ON youtube_videos(published_at);
        CREATE INDEX IF NOT EXISTS idx_view_count ON youtube_videos(view_count);
    
[2026-03-11T11:20:45.628+0000] {taskinstance.py:2699} ERROR - Task failed with exception
Traceback (most recent call last):
  File "/home/airflow/.local/lib/python3.11/site-packages/airflow/models/taskinstance.py", line 433, in _execute_task
    result = execute_callable(context=context, **execute_callable_kwargs)
             ^^^^^^^^^^^^^^^^^^^^^^^^^^^^^^^^^^^^^^^^^^^^^^^^^^^^^^^^^^^^
  File "/home/airflow/.local/lib/python3.11/site-packages/airflow/providers/common/sql/operators/sql.py", line 277, in execute
    hook = self.get_db_hook()
           ^^^^^^^^^^^^^^^^^^
  File "/home/airflow/.local/lib/python3.11/site-packages/airflow/providers/common/sql/operators/sql.py", line 188, in get_db_hook
    return self._hook
           ^^^^^^^^^^
  File "/usr/local/lib/python3.11/functools.py", line 1001, in __get__
    val = self.func(instance)
          ^^^^^^^^^^^^^^^^^^^
  File "/home/airflow/.local/lib/python3.11/site-packages/airflow/providers/common/sql/operators/sql.py", line 150, in _hook
    conn = BaseHook.get_connection(conn_id)
           ^^^^^^^^^^^^^^^^^^^^^^^^^^^^^^^^
  File "/home/airflow/.local/lib/python3.11/site-packages/airflow/hooks/base.py", line 82, in get_connection
    conn = Connection.get_connection_from_secrets(conn_id)
           ^^^^^^^^^^^^^^^^^^^^^^^^^^^^^^^^^^^^^^^^^^^^^^^
  File "/home/airflow/.local/lib/python3.11/site-packages/airflow/models/connection.py", line 479, in get_connection_from_secrets
    raise AirflowNotFoundException(f"The conn_id `{conn_id}` isn't defined")
airflow.exceptions.AirflowNotFoundException: The conn_id `postgres_default` isn't defined
[2026-03-11T11:20:45.655+0000] {taskinstance.py:1138} INFO - Marking task as UP_FOR_RETRY. dag_id=youtube_analytics_pipeline, task_id=create_youtube_table, execution_date=20260311T000000, start_date=20260311T112043, end_date=20260311T112045
[2026-03-11T11:20:45.735+0000] {standard_task_runner.py:107} ERROR - Failed to execute job 6 for task create_youtube_table (The conn_id `postgres_default` isn't defined; 470)
[2026-03-11T11:20:45.810+0000] {local_task_job_runner.py:234} INFO - Task exited with return code 1
[2026-03-11T11:20:45.971+0000] {taskinstance.py:3281} INFO - 0 downstream tasks scheduled from follow-on schedule check
