[2026-03-11T11:21:22.942+0000] {taskinstance.py:1957} INFO - Dependencies all met for dep_context=non-requeueable deps ti=<TaskInstance: youtube_data_pipeline.get_video_data scheduled__2026-03-10T00:00:00+00:00 [queued]>
[2026-03-11T11:21:22.994+0000] {taskinstance.py:1957} INFO - Dependencies all met for dep_context=requeueable deps ti=<TaskInstance: youtube_data_pipeline.get_video_data scheduled__2026-03-10T00:00:00+00:00 [queued]>
[2026-03-11T11:21:22.995+0000] {taskinstance.py:2171} INFO - Starting attempt 1 of 2
[2026-03-11T11:21:23.035+0000] {taskinstance.py:2192} INFO - Executing <Task(PythonOperator): get_video_data> on 2026-03-10 00:00:00+00:00
[2026-03-11T11:21:23.045+0000] {standard_task_runner.py:60} INFO - Started process 547 to run task
[2026-03-11T11:21:23.055+0000] {standard_task_runner.py:87} INFO - Running: ['***', 'tasks', 'run', 'youtube_data_pipeline', 'get_video_data', 'scheduled__2026-03-10T00:00:00+00:00', '--job-id', '22', '--raw', '--subdir', 'DAGS_FOLDER/youtube_pipeline_dag.py', '--cfg-path', '/tmp/tmprtz0c7bv']
[2026-03-11T11:21:23.063+0000] {standard_task_runner.py:88} INFO - Job 22: Subtask get_video_data
[2026-03-11T11:21:23.132+0000] {logging_mixin.py:188} WARNING - /home/***/.local/lib/python3.11/site-packages/***/settings.py:195 DeprecationWarning: The sql_alchemy_conn option in [core] has been moved to the sql_alchemy_conn option in [database] - the old setting has been used, but please update your config.
[2026-03-11T11:21:23.374+0000] {task_command.py:423} INFO - Running <TaskInstance: youtube_data_pipeline.get_video_data scheduled__2026-03-10T00:00:00+00:00 [running]> on host c224524d9170
[2026-03-11T11:21:23.906+0000] {taskinstance.py:2481} INFO - Exporting env vars: AIRFLOW_CTX_DAG_OWNER='***' AIRFLOW_CTX_DAG_ID='youtube_data_pipeline' AIRFLOW_CTX_TASK_ID='get_video_data' AIRFLOW_CTX_EXECUTION_DATE='2026-03-10T00:00:00+00:00' AIRFLOW_CTX_TRY_NUMBER='1' AIRFLOW_CTX_DAG_RUN_ID='scheduled__2026-03-10T00:00:00+00:00'
[2026-03-11T11:21:46.164+0000] {logging_mixin.py:188} INFO - Video data saved to /app/data/yt_data_20260311_112145.json
[2026-03-11T11:21:46.168+0000] {logging_mixin.py:188} INFO - Retrieved data for 951 videos
[2026-03-11T11:21:46.170+0000] {logging_mixin.py:188} INFO - 
First 5 videos:
[2026-03-11T11:21:46.172+0000] {logging_mixin.py:188} INFO - 1. My Chocolate Factory Blew Up - 6149795 views
[2026-03-11T11:21:46.174+0000] {logging_mixin.py:188} INFO - 2. Survive 30 Days Stranded With Your Ex, Win $250,000 - 60047434 views
[2026-03-11T11:21:46.175+0000] {logging_mixin.py:188} INFO - 3. Would You Steal Money From A Stranger? - 41106300 views
[2026-03-11T11:21:46.175+0000] {logging_mixin.py:188} INFO - 4. Subscribe, I’ll Double Your Bank Account - 44182439 views
[2026-03-11T11:21:46.177+0000] {logging_mixin.py:188} INFO - 5. I Built a School in Mexico - 13996610 views
[2026-03-11T11:21:46.184+0000] {python.py:201} INFO - Done. Returned value was: /app/data/yt_data_20260311_112145.json
[2026-03-11T11:21:46.323+0000] {taskinstance.py:1138} INFO - Marking task as SUCCESS. dag_id=youtube_data_pipeline, task_id=get_video_data, execution_date=20260310T000000, start_date=20260311T112122, end_date=20260311T112146
[2026-03-11T11:21:46.395+0000] {local_task_job_runner.py:234} INFO - Task exited with return code 0
[2026-03-11T11:21:46.470+0000] {taskinstance.py:3281} INFO - 0 downstream tasks scheduled from follow-on schedule check
